 BOOTX64

 Timestamp is 6997a11e (Thu Feb 19 23:47:42 2026)

 Preferred load address is 0000000180000000

 Start         Length     Name                   Class
 0001:00000000 000064afH .text                   CODE
 0002:00000000 00000b60H .rdata                  DATA
 0003:00000000 00000020H .data                   DATA
 0003:00000020 0004a890H .bss                    DATA

  Address         Publics by Value              Rva+Base               Lib:Object

 0001:00000000       efi_main                   0000000180001000     hboot.o
 0001:00000370       UPrint                     0000000180001370     util.o
 0001:000003a0       UPrintLn                   00000001800013a0     util.o
 0001:00000400       UPrintHex                  0000000180001400     util.o
 0001:00000550       UPrintDec                  0000000180001550     util.o
 0001:00000600       UPrintSizeMB               0000000180001600     util.o
 0001:000006d0       UError                     00000001800016d0     util.o
 0001:000007a0       UInfo                      00000001800017a0     util.o
 0001:00000830       UOK                        0000000180001830     util.o
 0001:000008c0       UWarn                      00000001800018c0     util.o
 0001:00000950       UClearScreen               0000000180001950     util.o
 0001:00000970       USetAttr                   0000000180001970     util.o
 0001:000009a0       USetCursor                 00000001800019a0     util.o
 0001:000009d0       MemSet                     00000001800019d0     util.o
 0001:00000a60       MemCopy                    0000000180001a60     util.o
 0001:00000b20       MemEqual                   0000000180001b20     util.o
 0001:00000b50       StrLen16                   0000000180001b50     util.o
 0001:00000b80       StrCopy16                  0000000180001b80     util.o
 0001:00000bf0       StrCmp16                   0000000180001bf0     util.o
 0001:00000c30       StrICmp16                  0000000180001c30     util.o
 0001:00000cc0       StrChr16                   0000000180001cc0     util.o
 0001:00000cf0       StrTrimRight               0000000180001cf0     util.o
 0001:00000d50       StrTrimLeft                0000000180001d50     util.o
 0001:00000d80       StrStartsWith              0000000180001d80     util.o
 0001:00000db0       A2U                        0000000180001db0     util.o
 0001:00000e20       AsciiToUnicode             0000000180001e20     util.o
 0001:00000e90       U2A                        0000000180001e90     util.o
 0001:00000f00       StrToU64                   0000000180001f00     util.o
 0001:00000f50       MathClamp                  0000000180001f50     util.o
 0001:00000f60       MathScale                  0000000180001f60     util.o
 0001:00000f90       CRC32Compute               0000000180001f90     util.o
 0001:00001110       ReadTSC                    0000000180002110     util.o
 0001:00001120       WaitKey                    0000000180002120     util.o
 0001:00001180       PollKey                    0000000180002180     util.o
 0001:000011c0       GfxInit                    00000001800021c0     gfx.o
 0001:000014a0       GfxClear                   00000001800024a0     gfx.o
 0001:00001580       GfxPutPixel                0000000180002580     gfx.o
 0001:000015e0       GfxFillRect                00000001800025e0     gfx.o
 0001:00001710       GfxDrawRect                0000000180002710     gfx.o
 0001:00001c40       GfxDrawLine                0000000180002c40     gfx.o
 0001:00001d90       GfxBlend                   0000000180002d90     gfx.o
 0001:00001e10       GfxLerp                    0000000180002e10     gfx.o
 0001:00001e70       GfxDrawGradientV           0000000180002e70     gfx.o
 0001:00002090       GfxDrawRoundRect           0000000180003090     gfx.o
 0001:000027e0       GfxDrawChar                00000001800037e0     gfx.o
 0001:000028f0       GfxDrawString              00000001800038f0     gfx.o
 0001:00002a50       GfxDrawStringA             0000000180003a50     gfx.o
 0001:00002b90       GfxStringWidth             0000000180003b90     gfx.o
 0001:00002bb0       GuiMenu                    0000000180003bb0     gui_menu.o
 0001:00004000       MemInit                    0000000180005000     memory_fs.o
 0001:00004030       MemGetMap                  0000000180005030     memory_fs.o
 0001:000040c0       MemBuildRegionMap          00000001800050c0     memory_fs.o
 0001:00004200       MemGetMapKey               0000000180005200     memory_fs.o
 0001:00004210       PageAlloc                  0000000180005210     memory_fs.o
 0001:00004230       PageAllocAt                0000000180005230     memory_fs.o
 0001:00004260       PoolAlloc                  0000000180005260     memory_fs.o
 0001:00004280       PoolFree                   0000000180005280     memory_fs.o
 0001:000042a0       FsInit                     00000001800052a0     memory_fs.o
 0001:00004390       FsReadFile                 0000000180005390     memory_fs.o
 0001:000045d0       FsFileExists               00000001800055d0     memory_fs.o
 0001:00004640       ConfigLoad                 0000000180005640     core.o
 0001:00004f90       ConfigSetDefaults          0000000180005f90     core.o
 0001:00005070       TxtMenu                    0000000180006070     core.o
 0001:00005560       HfsDetect                  0000000180006560     core.o
 0001:00005830       KernelLoad                 0000000180006830     core.o
 0001:00005c30       SysInfoCPUID               0000000180006c30     core.o
 0001:00005ec0       SysInfoACPI                0000000180006ec0     core.o
 0001:00006000       SysInfoPCI                 0000000180007000     core.o
 0001:00006310       SysInfoCollect             0000000180007310     core.o
 0001:000063a0       BootHandoff                00000001800073a0     core.o
 0002:00000030       sFontData                  0000000180008030     gfx.o
 0002:00000b60       ??_C@_08MPLGCJPF@recovery?$AA@ 0000000180008b60     core.o
 0002:00000b69       ??_C@_06LNLHEAAG@height?$AA@ 0000000180008b69     core.o
 0002:00000b70       ??_C@_05IGKADHGO@width?$AA@ 0000000180008b70     core.o
 0002:00000b76       ??_C@_07KBAMPNJK@verbose?$AA@ 0000000180008b76     core.o
 0002:00000b7e       ??_C@_07PNJCLMKK@cmdline?$AA@ 0000000180008b7e     core.o
 0002:00000b86       ??_C@_1M@IDDCMKPN@?$AAe?$AAn?$AAt?$AAr?$AAy?$AA?$AA@ 0000000180008b86     core.o
 0002:00000b92       ??_C@_1M@JLADBBAF@?$AAE?$AAn?$AAt?$AAr?$AAy?$AA?$AA@ 0000000180008b92     core.o
 0002:00000b9e       ??_C@_1DK@EMAPJJPI@?$AA?$CI?$AAC?$AA?$CJ?$AA?5?$AA2?$AA0?$AA2?$AA4?$AA?9?$AA2?$AA0?$AA2?$AA6?$AA?5?$AAW?$AAi?$AAn?$AAo?$AAr?$AAa?$AA?5?$AAC?$AAo?$AAm?$AAp?$AAa?$AAn?$AAy?$AA?$AA@ 0000000180008b9e     gui_menu.o
 0002:00000bd8       ??_C@_1EI@JEIPPJKC@?$AA?5?$AA?5?$AAH?$AAo?$AAm?$AAe?$AA?5?$AAB?$AAo?$AAo?$AAt?$AA?5?$AAL?$AAo?$AAa?$AAd?$AAe?$AAr?$AA?5?$AA?9?$AA?5?$AAW?$AAi?$AAn?$AAo?$AAr?$AAa?$AA?5?$AAC?$AAo?$AAm?$AAp@ 0000000180008bd8     gui_menu.o
 0002:00000c20       ??_C@_1BO@GGJOGJAK@?$AAG?$AAr?$AAa?$AAp?$AAh?$AAi?$AAc?$AAs?$AA?5?$AAr?$AAe?$AAa?$AAd?$AAy?$AA?$AA@ 0000000180008c20     gfx.o
 0002:00000c3e       ??_C@_1CK@EAHAIPAN@?$AAS?$AAt?$AAa?$AAg?$AAe?$AA?5?$AA7?$AA?1?$AA9?$AA?3?$AA?5?$AAB?$AAo?$AAo?$AAt?$AA?5?$AAm?$AAe?$AAn?$AAu?$AA?$AA@ 0000000180008c3e     hboot.o
 0002:00000c54       ??_C@_1BE@JAPMMMFA@?$AAB?$AAo?$AAo?$AAt?$AA?5?$AAm?$AAe?$AAn?$AAu?$AA?$AA@ 0000000180008c54     hboot.o
 0002:00000c68       ??_C@_1CE@LLNDAKID@?$AAS?$AAe?$AAl?$AAe?$AAc?$AAt?$AA?5?$AAO?$AAS?$AA?5?$AAt?$AAo?$AA?5?$AAB?$AAo?$AAo?$AAt?$AA?$AA@ 0000000180008c68     gui_menu.o
 0002:00000c8c       ??_C@_1FM@CIPDAPMB@?$AA?$FL?$AAU?$AAP?$AA?1?$AAD?$AAO?$AAW?$AAN?$AA?$FN?$AA?5?$AAS?$AAe?$AAl?$AAe?$AAc?$AAt?$AA?5?$AA?5?$AA?$FL?$AAE?$AAN?$AAT?$AAE?$AAR?$AA?$FN?$AA?5?$AAB?$AAo?$AAo?$AAt?$AA?5?$AA?5@ 0000000180008c8c     core.o
 0002:00000ce8       ??_C@_1O@KIIDJOMB@?$AAF?$AAs?$AAI?$AAn?$AAi?$AAt?$AA?$AA@ 0000000180008ce8     hboot.o
 0002:00000cf6       ??_C@_1BA@OGJLHLBB@?$AAM?$AAe?$AAm?$AAI?$AAn?$AAi?$AAt?$AA?$AA@ 0000000180008cf6     hboot.o
 0002:00000d06       ??_C@_1EA@IJKINMAK@?$AAH?$AAF?$AAS?$AA?3?$AA?5?$AAv?$AAo?$AAl?$AAu?$AAm?$AAe?$AA?5?$AAh?$AAa?$AAs?$AA?5?$AAe?$AAr?$AAr?$AAo?$AAr?$AAs?$AA?5?$AAf?$AAl?$AAa?$AAg?$AA?5?$AAs?$AAe?$AAt?$AA?$AA@ 0000000180008d06     core.o
 0002:00000d46       ??_C@_1CK@HICKFBNC@?$AAr?$AAo?$AAo?$AAt?$AA?$DN?$AA?1?$AAd?$AAe?$AAv?$AA?1?$AAs?$AAd?$AAa?$AA2?$AA?5?$AAq?$AAu?$AAi?$AAe?$AAt?$AA?$AA@ 0000000180008d46     core.o
 0002:00000d70       ??_C@_1DC@NFJBFCOJ@?$AAN?$AAo?$AA?5?$AAl?$AAo?$AAa?$AAd?$AAa?$AAb?$AAl?$AAe?$AA?5?$AAE?$AAL?$AAF?$AA?5?$AAs?$AAe?$AAg?$AAm?$AAe?$AAn?$AAt?$AAs?$AA?$AA@ 0000000180008d70     core.o
 0002:00000da2       ??_C@_1CG@NDCMJOH@?$AAB?$AAo?$AAo?$AAt?$AA?5?$AAE?$AAn?$AAt?$AAr?$AAy?$AA?5?$AAD?$AAe?$AAt?$AAa?$AAi?$AAl?$AAs?$AA?$AA@ 0000000180008da2     gui_menu.o
 0002:00000dc8       ??_C@_1EC@GPOIMAAC@?$AAS?$AAt?$AAa?$AAg?$AAe?$AA?5?$AA6?$AA?1?$AA9?$AA?3?$AA?5?$AAD?$AAe?$AAt?$AAe?$AAc?$AAt?$AAi?$AAn?$AAg?$AA?5?$AAH?$AAF?$AAS?$AA?5?$AAv?$AAo?$AAl?$AAu?$AAm?$AAe?$AAs@ 0000000180008dc8     hboot.o
 0002:00000e0a       ??_C@_1BE@DBJBGMDE@?$AAM?$AAe?$AAm?$AAG?$AAe?$AAt?$AAM?$AAa?$AAp?$AA?$AA@ 0000000180008e0a     core.o
 0002:00000e1e       ??_C@_1DI@GABOONCG@?$AAF?$AAa?$AAi?$AAl?$AAe?$AAd?$AA?5?$AAt?$AAo?$AA?5?$AAa?$AAl?$AAl?$AAo?$AAc?$AAa?$AAt?$AAe?$AA?5?$AAB?$AAo?$AAo?$AAt?$AAI?$AAn?$AAf?$AAo?$AA?$AA@ 0000000180008e1e     hboot.o
 0002:00000e56       ??_C@_1BI@MAFJBEKM@?$AAS?$AAy?$AAs?$AAt?$AAe?$AAm?$AA?5?$AAI?$AAn?$AAf?$AAo?$AA?$AA@ 0000000180008e56     gui_menu.o
 0002:00000e6e       ??_C@_1FC@JJLFBNBL@?$AAS?$AAt?$AAa?$AAg?$AAe?$AA?5?$AA5?$AA?1?$AA9?$AA?3?$AA?5?$AAC?$AAo?$AAl?$AAl?$AAe?$AAc?$AAt?$AAi?$AAn?$AAg?$AA?5?$AAs?$AAy?$AAs?$AAt?$AAe?$AAm?$AA?5?$AAi?$AAn?$AAf@ 0000000180008e6e     hboot.o
 0002:00000ec0       ??_C@_1DE@ECNAFJDK@?$AAS?$AAt?$AAa?$AAg?$AAe?$AA?5?$AA3?$AA?1?$AA9?$AA?3?$AA?5?$AAE?$AAF?$AAI?$AA?5?$AAF?$AAi?$AAl?$AAe?$AAs?$AAy?$AAs?$AAt?$AAe?$AAm?$AA?$AA@ 0000000180008ec0     hboot.o
 0002:00000ef4       ??_C@_1DI@GCCAKBD@?$AAS?$AAt?$AAa?$AAg?$AAe?$AA?5?$AA1?$AA?1?$AA9?$AA?3?$AA?5?$AAM?$AAe?$AAm?$AAo?$AAr?$AAy?$AA?5?$AAs?$AAu?$AAb?$AAs?$AAy?$AAs?$AAt?$AAe?$AAm?$AA?$AA@ 0000000180008ef4     hboot.o
 0002:00000f2c       ??_C@_1CC@OEECNBLL@?$AAS?$AAi?$AAm?$AAp?$AAl?$AAe?$AAF?$AAi?$AAl?$AAe?$AAS?$AAy?$AAs?$AAt?$AAe?$AAm?$AA?$AA@ 0000000180008f2c     memory_fs.o
 0002:00000f4e       ??_C@_1EI@HMAIGGIM@?$AAS?$AAt?$AAa?$AAg?$AAe?$AA?5?$AA2?$AA?1?$AA9?$AA?3?$AA?5?$AAG?$AAr?$AAa?$AAp?$AAh?$AAi?$AAc?$AAs?$AA?5?$AAO?$AAu?$AAt?$AAp?$AAu?$AAt?$AA?5?$AAP?$AAr?$AAo?$AAt?$AAo@ 0000000180008f4e     hboot.o
 0002:00000f96       ??_C@_1BI@JNFALEO@?$AAR?$AAe?$AAa?$AAd?$AA?5?$AAk?$AAe?$AAr?$AAn?$AAe?$AAl?$AA?$AA@ 0000000180008f96     core.o
 0002:00000fae       ??_C@_1EM@CDGGOLAF@?$AAS?$AAt?$AAa?$AAg?$AAe?$AA?5?$AA9?$AA?1?$AA9?$AA?3?$AA?5?$AAH?$AAa?$AAn?$AAd?$AAi?$AAn?$AAg?$AA?5?$AAo?$AAf?$AAf?$AA?5?$AAt?$AAo?$AA?5?$AAH?$AAD?$AAO?$AAS?$AA?5?$AAk@ 0000000180008fae     hboot.o
 0002:00000ffa       ??_C@_1DO@HGDGGNKI@?$AAS?$AAt?$AAa?$AAg?$AAe?$AA?5?$AA8?$AA?1?$AA9?$AA?3?$AA?5?$AAL?$AAo?$AAa?$AAd?$AAi?$AAn?$AAg?$AA?5?$AAH?$AAD?$AAO?$AAS?$AA?5?$AAk?$AAe?$AAr?$AAn?$AAe?$AAl?$AA?$AA@ 0000000180008ffa     hboot.o
 0002:00001038       ??_C@_1CA@POMGJHEL@?$AAS?$AAy?$AAs?$AAI?$AAn?$AAf?$AAo?$AA?5?$AAp?$AAa?$AAr?$AAt?$AAi?$AAa?$AAl?$AA?$AA@ 0000000180009038     hboot.o
 0002:00001058       ??_C@_1EK@LEJGIGDM@?$AAG?$AAO?$AAP?$AA?5?$AAu?$AAn?$AAa?$AAv?$AAa?$AAi?$AAl?$AAa?$AAb?$AAl?$AAe?$AA?5?5?$BE?$AA?5?$AAt?$AAe?$AAx?$AAt?$AA?5?$AAm?$AAo?$AAd?$AAe?$AA?5?$AAf?$AAa?$AAl?$AAl@ 0000000180009058     hboot.o
 0002:000010a2       ??_C@_1BO@PGOIFBOE@?$AAW?$AAr?$AAo?$AAn?$AAg?$AA?5?$AAE?$AAL?$AAF?$AA?5?$AAa?$AAr?$AAc?$AAh?$AA?$AA@ 00000001800090a2     core.o
 0002:000010c0       ??_C@_1BI@DADCIDCK@?$AAB?$AAo?$AAo?$AAt?$AAH?$AAa?$AAn?$AAd?$AAo?$AAf?$AAf?$AA?$AA@ 00000001800090c0     hboot.o
 0002:000010d8       ??_C@_1BG@IGMEOPNG@?$AAO?$AAp?$AAe?$AAn?$AAV?$AAo?$AAl?$AAu?$AAm?$AAe?$AA?$AA@ 00000001800090d8     memory_fs.o
 0002:000010ee       ??_C@_1CG@PHBOGPON@?$AAE?$AAL?$AAF?$AA?5?$AAn?$AAo?$AAt?$AA?5?$AAe?$AAx?$AAe?$AAc?$AAu?$AAt?$AAa?$AAb?$AAl?$AAe?$AA?$AA@ 00000001800090ee     core.o
 0002:00001114       ??_C@_1BI@KDFANKDG@?$AAL?$AAo?$AAa?$AAd?$AAe?$AAd?$AAI?$AAm?$AAa?$AAg?$AAe?$AA?$AA@ 0000000180009114     memory_fs.o
 0002:0000112c       ??_C@_1CC@HFAJAKAF@?$AAI?$AAn?$AAi?$AAt?$AAR?$AAD?$AA?5?$AAn?$AAo?$AAt?$AA?5?$AAf?$AAo?$AAu?$AAn?$AAd?$AA?$AA@ 000000018000912c     core.o
 0002:0000114e       ??_C@_1CC@EIFOGDND@?$AAH?$AAF?$AAS?$AA?5?$AAv?$AAo?$AAl?$AAu?$AAm?$AAe?$AA?5?$AAf?$AAo?$AAu?$AAn?$AAd?$AA?$AA@ 000000018000914e     core.o
 0002:00001170       ??_C@_1CA@IKCFMEON@?$AAG?$AAO?$AAP?$AA?5?$AAI?$AAn?$AAi?$AAt?$AAi?$AAa?$AAl?$AAi?$AAz?$AAe?$AAd?$AA?$AA@ 0000000180009170     gfx.o
 0002:00001190       ??_C@_1BI@BNJKBECG@?$AAE?$AAS?$AAP?$AA?5?$AAm?$AAo?$AAu?$AAn?$AAt?$AAe?$AAd?$AA?$AA@ 0000000180009190     memory_fs.o
 0002:000011a8       ??_C@_1CM@FNKFDPHC@?$AAS?$AAy?$AAs?$AAt?$AAe?$AAm?$AA?5?$AAi?$AAn?$AAf?$AAo?$AA?5?$AAc?$AAo?$AAl?$AAl?$AAe?$AAc?$AAt?$AAe?$AAd?$AA?$AA@ 00000001800091a8     core.o
 0002:000011d4       ??_C@_1CE@NOEBBMAO@?$AAW?$AAa?$AAt?$AAc?$AAh?$AAd?$AAo?$AAg?$AA?5?$AAd?$AAi?$AAs?$AAa?$AAb?$AAl?$AAe?$AAd?$AA?$AA@ 00000001800091d4     memory_fs.o
 0002:000011f8       ??_C@_1EI@DODCNFPB@?$AAC?$AAo?$AAn?$AAf?$AAi?$AAg?$AA?5?$AAn?$AAo?$AAt?$AA?5?$AAf?$AAo?$AAu?$AAn?$AAd?$AA?5?5?$BE?$AA?5?$AAd?$AAe?$AAf?$AAa?$AAu?$AAl?$AAt?$AAs?$AA?5?$AAa?$AAp?$AAp?$AAl@ 00000001800091f8     hboot.o
 0002:00001240       ??_C@_1BM@POKKIFNB@?$AAK?$AAe?$AAr?$AAn?$AAe?$AAl?$AA?5?$AAl?$AAo?$AAa?$AAd?$AAe?$AAd?$AA?$AA@ 0000000180009240     core.o
 0002:0000125c       ??_C@_1BM@OAKELOLD@?$AAC?$AAo?$AAn?$AAf?$AAi?$AAg?$AA?5?$AAl?$AAo?$AAa?$AAd?$AAe?$AAd?$AA?$AA@ 000000018000925c     core.o
 0002:00001278       ??_C@_1BM@MAEKLLEE@?$AAI?$AAn?$AAi?$AAt?$AAR?$AAD?$AA?5?$AAl?$AAo?$AAa?$AAd?$AAe?$AAd?$AA?$AA@ 0000000180009278     core.o
 0002:00001294       ??_C@_1BG@BDNFGLCC@?$AAK?$AAe?$AAr?$AAn?$AAe?$AAl?$AAL?$AAo?$AAa?$AAd?$AA?$AA@ 0000000180009294     hboot.o
 0002:000012aa       ??_C@_1BK@IPHLILIN@?$AAK?$AAe?$AAr?$AAn?$AAe?$AAl?$AA?5?$AAa?$AAl?$AAl?$AAo?$AAc?$AA?$AA@ 00000001800092aa     core.o
 0002:000012c4       ??_C@_19IJFFNJFH@?$AA?$FL?$CB?$JB?$CB?$JD?$AA?$FN?$AA?$AA@ 00000001800092c4     gui_menu.o
 0002:000012ce       ??_C@_1BA@JNJLIBHB@?$AA?$FL?$AAE?$AAn?$AAt?$AAe?$AAr?$AA?$FN?$AA?$AA@ 00000001800092ce     gui_menu.o
 0002:000012de       ??_C@_1M@CEIIDHIO@?$AA?$FL?$AAE?$AAs?$AAc?$AA?$FN?$AA?$AA@ 00000001800092de     gui_menu.o
 0002:000012ea       ??_C@_17PEGDIDKG@?$AA?$FL?$AAE?$AA?$FN?$AA?$AA@ 00000001800092ea     gui_menu.o
 0002:000012f2       ??_C@_17CCDKGALL@?$AA?$FL?$AAC?$AA?$FN?$AA?$AA@ 00000001800092f2     gui_menu.o
 0002:000012fa       ??_C@_19NPKDGADN@?$AA?$FL?$AAF?$AA5?$AA?$FN?$AA?$AA@ 00000001800092fa     gui_menu.o
 0002:00001304       ??_C@_15FFJNNDMJ@?$AA?5?$AA?$FL?$AA?$AA@ 0000000180009304     util.o
 0002:0000130a       ??_C@_1M@EFONFCDF@?$AAR?$AAC?$AAV?$AAR?$AAY?$AA?$AA@ 000000018000930a     gui_menu.o
 0002:00001316       ??_C@_1M@GCNGNPAO@?$AAH?$AAB?$AAO?$AAO?$AAT?$AA?$AA@ 0000000180009316     gui_menu.o
 0002:00001322       ??_C@_19BLHJAEDP@?$AAH?$AAD?$AAO?$AAS?$AA?$AA@ 0000000180009322     core.o
 0002:0000132c       ??_C@_15PMCGDJNJ@?$AAO?$AAK?$AA?$AA@ 000000018000932c     gui_menu.o
 0002:00001332       ??_C@_1CK@ENBJMDNL@?$AA?2?$AAE?$AAF?$AAI?$AA?2?$AAH?$AAB?$AAO?$AAO?$AAT?$AA?2?$AAH?$AAB?$AAO?$AAO?$AAT?$AA?4?$AAC?$AAF?$AAG?$AA?$AA@ 0000000180009332     core.o
 0002:0000135c       ??_C@_1DK@LOGNKANG@?$AAS?$AAt?$AAa?$AAg?$AAe?$AA?5?$AA4?$AA?1?$AA9?$AA?3?$AA?5?$AAL?$AAo?$AAa?$AAd?$AAi?$AAn?$AAg?$AA?5?$AAH?$AAB?$AAO?$AAO?$AAT?$AA?4?$AAC?$AAF?$AAG?$AA?$AA@ 000000018000935c     hboot.o
 0002:00001396       ??_C@_1DC@LHHGMJIM@?$AA?2?$AAH?$AAD?$AAO?$AAS?$AA?2?$AAK?$AAE?$AAR?$AAN?$AAE?$AAL?$AA?2?$AAH?$AAD?$AAO?$AAS?$AAK?$AAE?$AAR?$AA?4?$AAE?$AAL?$AAF?$AA?$AA@ 0000000180009396     core.o
 0002:000013c8       ??_C@_1BA@IHIDHAA@?$AAN?$AAo?$AAt?$AA?5?$AAE?$AAL?$AAF?$AA?$AA@ 00000001800093c8     core.o
 0002:000013d8       ??_C@_17OBHAMLME@?$AA?5?$AAM?$AAB?$AA?$AA@ 00000001800093d8     util.o
 0002:000013e0       ??_C@_1BC@HHMALDDC@?$AAC?$AAm?$AAd?$AAL?$AAi?$AAn?$AAe?$AA?3?$AA?$AA@ 00000001800093e0     gui_menu.o
 0002:000013f2       ??_C@_1M@LIIGMOAL@?$AAA?$AAC?$AAP?$AAI?$AA?3?$AA?$AA@ 00000001800093f2     gui_menu.o
 0002:000013fe       ??_C@_1BC@PKLOHJEG@?$AAH?$AAF?$AAS?$AA?5?$AAv?$AA2?$AA?4?$AA0?$AA?$AA@ 00000001800093fe     gui_menu.o
 0002:00001410       ??_C@_1O@BBIFCKDH@?$AAv?$AA2?$AA?4?$AA1?$AA?4?$AA0?$AA?$AA@ 0000000180009410     gui_menu.o
 0002:0000141a       ??_C@_13COJANIEC@?$AA0?$AA?$AA@ 000000018000941a     util.o
 0002:0000141e       ??_C@_1CA@FDOLHGCO@?$AAB?$AAo?$AAo?$AAt?$AAi?$AAn?$AAg?$AA?5?$AAH?$AAD?$AAO?$AAS?$AA?4?$AA?4?$AA?4?$AA?$AA@ 000000018000941e     gui_menu.o
 0002:0000143e       ??_C@_1EI@KILJMOCL@?$AAN?$AAo?$AA?5?$AAH?$AAF?$AAS?$AA?5?$AAv?$AAo?$AAl?$AAu?$AAm?$AAe?$AA?5?$AAf?$AAo?$AAu?$AAn?$AAd?$AA?5?$AA?$CI?$AAF?$AAA?$AAT?$AA?5?$AAb?$AAo?$AAo?$AAt?$AA?5?$AAo?$AAn@ 000000018000943e     hboot.o
 0002:00001486       ??_C@_1BE@HIKGDMLH@?$AA?5?$AAD?$AAe?$AAf?$AAa?$AAu?$AAl?$AAt?$AA?5?$AA?$AA@ 0000000180009486     gui_menu.o
 0002:0000149a       ??_C@_1BM@HJJECFMJ@?$AAA?$AAu?$AAt?$AAo?$AA?9?$AAb?$AAo?$AAo?$AAt?$AA?5?$AAi?$AAn?$AA?5?$AA?$AA@ 000000018000949a     core.o
 0002:000014b6       ??_C@_1BE@EGEHCBLF@?$AA?5?$AAC?$AAo?$AAn?$AAs?$AAo?$AAl?$AAe?$AA?5?$AA?$AA@ 00000001800094b6     gui_menu.o
 0002:000014ca       ??_C@_1BC@EJKDKJHC@?$AA?5?$AA?5?$AA?$FL?$AAC?$AAP?$AAU?$AA?$FN?$AA?5?$AA?$AA@ 00000001800094ca     core.o
 0002:000014dc       ??_C@_1BC@KIKONFLG@?$AA?5?$AA?5?$AA?$FL?$AAE?$AAR?$AAR?$AA?$FN?$AA?5?$AA?$AA@ 00000001800094dc     util.o
 0002:000014ee       ??_C@_1BC@GDJJICLB@?$AA?5?$AA?5?$AA?$FL?$AAW?$AAR?$AAN?$AA?$FN?$AA?5?$AA?$AA@ 00000001800094ee     util.o
 0002:00001500       ??_C@_1BC@KJPLOOPG@?$AA?5?$AA?5?$AA?$FL?$AA?5?$AAO?$AAK?$AA?$FN?$AA?5?$AA?$AA@ 0000000180009500     util.o
 0002:00001512       ??_C@_1BC@BDLEJNCP@?$AA?5?$AA?5?$AA?$FL?$AA?5?$AA?$CK?$AA?5?$AA?$FN?$AA?5?$AA?$AA@ 0000000180009512     util.o
 0002:00001524       ??_C@_1M@GNPEPAIF@?$AAD?$AAF?$AAL?$AAT?$AA?5?$AA?$AA@ 0000000180009524     gui_menu.o
 0002:00001530       ??_C@_19FNCNBMPF@?$AA?5?$AA?$DO?$AA?$DO?$AA?5?$AA?$AA@ 0000000180009530     core.o
 0002:0000153a       ??_C@_1CA@CGIBKKCJ@?$AA?5?$AA?5?$AA?$FL?$AAE?$AAL?$AAF?$AA?$FN?$AA?5?$AAE?$AAn?$AAt?$AAr?$AAy?$AA?3?$AA?5?$AA?$AA@ 000000018000953a     core.o
 0002:0000155a       ??_C@_1CO@HELBDAHP@?$AA?5?$AA?5?$AA?$FL?$AAH?$AAF?$AAS?$AA?$FN?$AA?5?$AAT?$AAo?$AAt?$AAa?$AAl?$AA?5?$AAb?$AAl?$AAo?$AAc?$AAk?$AAs?$AA?3?$AA?5?$AA?$AA@ 000000018000955a     core.o
 0002:00001588       ??_C@_1BC@ODJNFKOG@?$AAK?$AAe?$AAr?$AAn?$AAe?$AAl?$AA?3?$AA?5?$AA?$AA@ 0000000180009588     gui_menu.o
 0002:0000159a       ??_C@_1DA@OBCKLKNM@?$AA?5?$AA?5?$AA?$FL?$AAP?$AAC?$AAI?$AA?$FN?$AA?5?$AAD?$AAe?$AAv?$AAi?$AAc?$AAe?$AAs?$AA?5?$AAf?$AAo?$AAu?$AAn?$AAd?$AA?3?$AA?5?$AA?$AA@ 000000018000959a     core.o
 0002:000015ca       ??_C@_1M@GCNGKMIP@?$AAC?$AAP?$AAU?$AA?3?$AA?5?$AA?$AA@ 00000001800095ca     gui_menu.o
 0002:000015d6       ??_C@_1M@PPJFEDPB@?$AAG?$AAO?$AAP?$AA?3?$AA?5?$AA?$AA@ 00000001800095d6     gui_menu.o
 0002:000015e2       ??_C@_1M@JCFJMNFE@?$AAR?$AAA?$AAM?$AA?3?$AA?5?$AA?$AA@ 00000001800095e2     gui_menu.o
 0002:000015ee       ??_C@_1BC@NDILPIGG@?$AAI?$AAn?$AAi?$AAt?$AAR?$AAD?$AA?3?$AA?5?$AA?$AA@ 00000001800095ee     gui_menu.o
 0002:00001600       ??_C@_1BE@HEOLBKPP@?$AA?5?$AAS?$AAe?$AAl?$AAe?$AAc?$AAt?$AA?5?$AA?5?$AA?$AA@ 0000000180009600     gui_menu.o
 0002:00001614       ??_C@_1BE@JMAKFGJ@?$AA?5?$AAR?$AAe?$AAl?$AAo?$AAa?$AAd?$AA?5?$AA?5?$AA?$AA@ 0000000180009614     gui_menu.o
 0002:00001628       ??_C@_1CO@CFCHKBFO@?$AA?5?$AA?5?$AA?$FL?$AAH?$AAF?$AAS?$AA?$FN?$AA?5?$AAF?$AAr?$AAe?$AAe?$AA?5?$AAb?$AAl?$AAo?$AAc?$AAk?$AAs?$AA?3?$AA?5?$AA?5?$AA?$AA@ 0000000180009628     core.o
 0002:00001656       ??_C@_1BC@MLDHEBB@?$AAL?$AAa?$AAb?$AAe?$AAl?$AA?3?$AA?5?$AA?5?$AA?$AA@ 0000000180009656     gui_menu.o
 0002:00001668       ??_C@_1CA@NPOGPKOP@?$AA?5?$AA?5?$AA?$FL?$AAE?$AAL?$AAF?$AA?$FN?$AA?5?$AAS?$AAi?$AAz?$AAe?$AA?3?$AA?5?$AA?5?$AA?$AA@ 0000000180009668     core.o
 0002:00001688       ??_C@_1CA@DJFJHBEH@?$AA?5?$AA?5?$AA?$FL?$AAE?$AAL?$AAF?$AA?$FN?$AA?5?$AAB?$AAa?$AAs?$AAe?$AA?3?$AA?5?$AA?5?$AA?$AA@ 0000000180009688     core.o
 0002:000016a8       ??_C@_1M@LKMEPDHG@?$AAF?$AAS?$AA?3?$AA?5?$AA?5?$AA?$AA@ 00000001800096a8     gui_menu.o
 0002:000016b4       ??_C@_1O@FDLMPBEP@?$AAs?$AA?4?$AA?4?$AA?4?$AA?5?$AA?5?$AA?$AA@ 00000001800096b4     core.o
 0002:000016c2       ??_C@_1CO@DPHJNFEI@?$AA?5?$AA?5?$AA?$FL?$AAH?$AAF?$AAS?$AA?$FN?$AA?5?$AAR?$AAo?$AAo?$AAt?$AA?5?$AAi?$AAn?$AAo?$AAd?$AAe?$AA?3?$AA?5?$AA?5?$AA?5?$AA?$AA@ 00000001800096c2     core.o
 0002:000016f0       ??_C@_1BE@OJEIPPN@?$AA?5?$AAB?$AAo?$AAo?$AAt?$AA?5?$AA?5?$AA?5?$AA?5?$AA?$AA@ 00000001800096f0     gui_menu.o
 0002:00001704       ??_C@_1BE@ENKDOFJC@?$AA?5?$AAE?$AAd?$AAi?$AAt?$AA?5?$AA?5?$AA?5?$AA?5?$AA?$AA@ 0000000180009704     gui_menu.o
 0002:00001718       ??_C@_1DO@LMIMMJJA@?$AA?5?$AA?5?$AA?5?$AA?5?$AA?5?$AA?5?$AA?5?$AA?5?$AA?5?$AA?5?$AA?5?$AA?5?$AA?5?$AA?5?$AA?5?$AA?5?$AA?5?$AA?5?$AA?5?$AA?5?$AA?5?$AA?5?$AA?5?$AA?5?$AA?5?$AA?5?$AA?5?$AA?5?$AA?5?$AA?5?$AA?$AA@ 0000000180009718     core.o
 0002:0000172c       ??_C@_1CK@GNOEDENH@?$AA?5?$AA?5?$AA?5?$AA?5?$AA?5?$AA?5?$AA?5?$AA?5?$AA?5?$AA?5?$AA?5?$AA?5?$AA?5?$AA?5?$AA?5?$AA?5?$AA?5?$AA?5?$AA?5?$AA?5?$AA?$AA@ 000000018000972c     core.o
 0002:0000174c       ??_C@_19NMAFMAH@?$AA?5?$AA?5?$AA?5?$AA?5?$AA?$AA@ 000000018000974c     core.o
 0002:00001756       ??_C@_1HO@BAEMMNAE@?$AA?5?$AA?5?$AA?$HM?$AA?5?$AA?5?$AA?5?$AA?5?$AA?5?$AA?5?$AAH?$AAD?$AAO?$AAS?$AA?5?$AA?$CI?$AAH?$AAo?$AAm?$AAe?$AA?5?$AAD?$AAi?$AAs?$AAk?$AA?5?$AAO?$AAp?$AAe?$AAr?$AAa?$AAt?$AAi@ 0000000180009756     hboot.o
 0002:000017d4       ??_C@_1HO@GBPPFKOO@?$AA?5?$AA?5?$AA?$HM?$AA?5?$AA?5?$AA?5?$AA?5?$AA?5?$AA?5?$AAC?$AAo?$AAp?$AAy?$AAr?$AAi?$AAg?$AAh?$AAt?$AA?5?$AA?$CI?$AAC?$AA?$CJ?$AA?5?$AA2?$AA0?$AA2?$AA4?$AA?9?$AA2?$AA0?$AA2?$AA6@ 00000001800097d4     hboot.o
 0002:00001852       ??_C@_1HO@GDDAKHLD@?$AA?5?$AA?5?$AA?$HM?$AA?5?$AA?5?$AA?5?$AAH?$AAH?$AA?5?$AA?5?$AA?5?$AAH?$AAH?$AA?5?$AA?5?$AAB?$AAB?$AAB?$AAB?$AAB?$AAB?$AAB?$AA?5?$AA?5?$AA?5?$AA?5?$AAO?$AAO?$AAO?$AAO?$AA?5?$AA?5@ 0000000180009852     hboot.o
 0002:000018d0       ??_C@_1IA@PLPMDBJJ@?$AA?5?$AA?5?$AA?$HM?$AA?5?$AA?5?$AA?5?$AAH?$AAH?$AAH?$AAH?$AAH?$AAH?$AAH?$AA?5?$AA?5?$AAB?$AAB?$AAB?$AAB?$AAB?$AAB?$AAB?$AA?5?$AA?5?$AAO?$AAO?$AA?5?$AA?5?$AA?5?$AA?5?$AAO?$AAO@ 00000001800098d0     hboot.o
 0002:00001950       ??_C@_1IA@MKGAEAH@?$AA?5?$AA?5?$AA?$HM?$AA?5?$AA?5?$AA?5?$AAH?$AAH?$AA?5?$AA?5?$AA?5?$AAH?$AAH?$AA?5?$AA?5?$AAB?$AAB?$AA?5?$AA?5?$AA?5?$AAB?$AAB?$AA?5?$AA?5?$AAO?$AAO?$AA?5?$AA?5?$AA?5?$AA?5?$AAO?$AAO@ 0000000180009950     hboot.o
 0002:000019d0       ??_C@_1IA@CMILCDLG@?$AA?5?$AA?5?$AA?$HM?$AA?5?$AA?5?$AA?5?$AAH?$AAH?$AA?5?$AA?5?$AA?5?$AAH?$AAH?$AA?5?$AA?5?$AAB?$AAB?$AAB?$AAB?$AAB?$AAB?$AAB?$AA?5?$AA?5?$AA?5?$AA?5?$AAO?$AAO?$AAO?$AAO?$AA?5?$AA?5@ 00000001800099d0     hboot.o
 0002:00001a50       ??_C@_1HI@HKPOMCGM@?$AA?5?$AA?5?$AA?$HM?$AA?5?$AA?5?$AA?5?$AA?5?$AA?5?$AA?5?$AAH?$AAo?$AAm?$AAe?$AA?5?$AAB?$AAo?$AAo?$AAt?$AA?5?$AAL?$AAo?$AAa?$AAd?$AAe?$AAr?$AA?5?$AAv?$AA2?$AA?4?$AA1?$AA?4?$AA0@ 0000000180009a50     hboot.o
 0002:00001ac8       ??_C@_1IA@JJAIKAKM@?$AA?5?$AA?5?$AA?$HM?$AA?5?$AA?5?$AA?5?$AA?5?$AA?5?$AA?5?$AA?5?$AA?5?$AA?5?$AA?5?$AA?5?$AA?5?$AA?5?$AA?5?$AA?5?$AA?5?$AA?5?$AA?5?$AA?5?$AA?5?$AA?5?$AA?5?$AA?5?$AA?5?$AA?5?$AA?5?$AA?5?$AA?5?$AA?5@ 0000000180009ac8     hboot.o
 0002:00001b48       ??_C@_1EI@OLMNIJB@?$AA?$AN?$AA?6?$AA?5?$AA?5?$AAH?$AAB?$AAO?$AAO?$AAT?$AA?5?$AAv?$AA2?$AA?4?$AA1?$AA?4?$AA0?$AA?5?$AA?9?$AA?5?$AAW?$AAi?$AAn?$AAo?$AAr?$AAa?$AA?5?$AAC?$AAo?$AAm?$AAp?$AAa?$AAn@ 0000000180009b48     core.o
 0002:00001b90       ??_C@_17IHNNDFDL@?$AA?$FN?$AA?$AN?$AA?6?$AA?$AA@ 0000000180009b90     util.o
 0002:00001b98       ??_C@_1FM@NGBJFOFI@?$AA?$AN?$AA?6?$AA?5?$AA?5?$AAS?$AAy?$AAs?$AAt?$AAe?$AAm?$AA?5?$AAh?$AAa?$AAl?$AAt?$AAe?$AAd?$AA?4?$AA?5?$AAP?$AAr?$AAe?$AAs?$AAs?$AA?5?$AAa?$AAn?$AAy?$AA?5?$AAk?$AAe?$AAy@ 0000000180009b98     hboot.o
 0002:00001bf4       ??_C@_1EO@MHBNPOOJ@?$AA?$AN?$AA?6?$AA?5?$AA?5?$AAP?$AAr?$AAe?$AAs?$AAs?$AA?5?$AAa?$AAn?$AAy?$AA?5?$AAk?$AAe?$AAy?$AA?5?$AAt?$AAo?$AA?5?$AAs?$AAt?$AAa?$AAr?$AAt?$AA?5?$AAk?$AAe?$AAr?$AAn?$AAe@ 0000000180009bf4     core.o
 0002:00001c42       ??_C@_1IA@NNKMECLG@?$AA?5?$AA?5?$AA?$CL?$AA?9?$AA?9?$AA?9?$AA?9?$AA?9?$AA?9?$AA?9?$AA?9?$AA?9?$AA?9?$AA?9?$AA?9?$AA?9?$AA?9?$AA?9?$AA?9?$AA?9?$AA?9?$AA?9?$AA?9?$AA?9?$AA?9?$AA?9?$AA?9?$AA?9?$AA?9?$AA?9?$AA?9?$AA?9@ 0000000180009c42     hboot.o
 0002:00001cc2       ??_C@_1FK@FHNNADH@?$AA?5?$AA?5?$AAC?$AAo?$AAp?$AAy?$AAr?$AAi?$AAg?$AAh?$AAt?$AA?5?$AA?$CI?$AAC?$AA?$CJ?$AA?5?$AA2?$AA0?$AA2?$AA4?$AA?9?$AA2?$AA0?$AA2?$AA6?$AA?5?$AAW?$AAi?$AAn?$AAo?$AAr?$AAa@ 0000000180009cc2     core.o
 0002:00001d16       ??_C@_15JNBOKNOG@?$AA?$AN?$AA?6?$AA?$AA@ 0000000180009d16     hboot.o
 0003:00000020       gBootInfo                  000000018000a020     hboot.o
 0003:00000028       gRootDir                   000000018000a028     hboot.o
 0003:00000030       gGOP                       000000018000a030     hboot.o
 0003:00000038       gFB                        000000018000a038     hboot.o
 0003:00000040       gFBWidth                   000000018000a040     hboot.o
 0003:00000044       gFBHeight                  000000018000a044     hboot.o
 0003:00000048       gFBPitch                   000000018000a048     hboot.o
 0003:00000050       gKernelEntry               000000018000a050     hboot.o
 0003:00000058       gImageHandle               000000018000a058     hboot.o
 0003:00000060       gST                        000000018000a060     hboot.o
 0003:00000068       gBS                        000000018000a068     hboot.o
 0003:00000070       gRT                        000000018000a070     hboot.o
 0003:00000078       gConfig                    000000018000a078     hboot.o

 entry point at         0001:00000000

 Static symbols

 0001:000030a0       GuiDrawFrame               00000001800040a0     gui_menu.o
 0001:00003320       GuiDrawFooter              0000000180004320     gui_menu.o
 0001:00003630       GuiDrawEntry               0000000180004630     gui_menu.o
 0001:00003950       GuiDrawInfoPanel           0000000180004950     gui_menu.o
 0001:00004f40       CfgKeyEq                   0000000180005f40     core.o
 0002:00000000       UPrintHex.H                0000000180008000     util.o
 0003:00000000       sAcpi20Guid                000000018000a000     core.o
 0003:00000010       sAcpi10Guid                000000018000a010     core.o
 0003:0000a450       sCRC32Init                 0000000180014450     util.o
 0003:0000a460       sCRC32Table                0000000180014460     util.o
 0003:0000a860       sHdrH                      0000000180014860     gui_menu.o
 0003:0000a864       sFtrH                      0000000180014864     gui_menu.o
 0003:0000a868       sMenuX                     0000000180014868     gui_menu.o
 0003:0000a86c       sMenuY                     000000018001486c     gui_menu.o
 0003:0000a870       sMenuW                     0000000180014870     gui_menu.o
 0003:0000a874       sItemH                     0000000180014874     gui_menu.o
 0003:0000a878       sMenuH                     0000000180014878     gui_menu.o
 0003:0000a87c       sInfoX                     000000018001487c     gui_menu.o
 0003:0000a880       sInfoY                     0000000180014880     gui_menu.o
 0003:0000a884       sInfoW                     0000000180014884     gui_menu.o
 0003:0000a890       sMemMapSize                0000000180014890     memory_fs.o
 0003:0000a898       sDescVersion               0000000180014898     memory_fs.o
 0003:0000a8a0       sDescSize                  00000001800148a0     memory_fs.o
 0003:0000a8a8       sMemMapKey                 00000001800148a8     memory_fs.o
 0003:0000a8b0       sMemMapBuf                 00000001800148b0     memory_fs.o
